scalars
latCell
lonCell
xCell
yCell
zCell
indexToCellID
latEdge
lonEdge
xEdge
yEdge
zEdge
indexToEdgeID
latVertex
lonVertex
xVertex
yVertex
zVertex
indexToVertexID
cellsOnEdge
nEdgesOnCell
nEdgesOnEdge
edgesOnCell
edgesOnEdge
weightsOnEdge
dvEdge
dcEdge
angleEdge
areaCell
areaTriangle
cellsOnCell
verticesOnCell
verticesOnEdge
edgesOnVertex
cellsOnVertex
kiteAreasOnVertex
meshDensity
zgrid
fzm
fzp
zz
initial_time
xtime
Time
u
v
w
pressure
rho
theta
temperature
relhum
spechum
divergence
vorticity
ke
uReconstructZonal
uReconstructMeridional
ertel_pv
o3vmr
t_iso_levels
u_iso_levels
zgeo_isobaric
cldfrac_isobaric
temperature_isobaric
dewpoint_isobaric
relhum_isobaric
w_isobaric
uzonal_isobaric
umeridional_isobaric
vorticity_isobaric
height_isobaric
spechum_isobaric
omega_isobaric
rqvblten_isobaric
rthblten_isobaric
rqvcuten_isobaric
rthcuten_isobaric
rthratenlw_isobaric
rthratensw_isobaric
rucuten_isobaric
rvcuten_isobaric
rvblten_isobaric
rublten_isobaric
kzq_isobaric
kzh_isobaric
kzm_isobaric
ni_isobaric
nr_isobaric
qr_isobaric
qs_isobaric
qv_isobaric
qc_isobaric
qg_isobaric
qi_isobaric
qc_cu
qi_cu
cldfrac
